Archive member included to satisfy reference by file (symbol)

.pio\build\nanoatmega328\lib122\libSoftwareSerial.a(SoftwareSerial.cpp.o)
                              .pio\build\nanoatmega328\src\bms\bms.cpp.o (symbol from plugin) (_ZN14SoftwareSerialC1Ehhb)
.pio\build\nanoatmega328\lib645\libcrc16.a(crc16.cpp.o)
                              .pio\build\nanoatmega328\src\bms\PacketReceiveProcessor.cpp.o (symbol from plugin) (_ZN5CRC1614CalculateArrayEPhj)
.pio\build\nanoatmega328\lib7a4\libQueue.a(cppQueue.cpp.o)
                              .pio\build\nanoatmega328\src\bms\bms.cpp.o (symbol from plugin) (_ZN8cppQueueC1Ejj16enumcppQueueTypeb)
.pio\build\nanoatmega328\libdad\libSerialEncoder.a(SerialEncoder.cpp.o)
                              .pio\build\nanoatmega328\src\bms\bms.cpp.o (symbol from plugin) (_ZN13SerialEncoder16checkInputStreamEv)
.pio\build\nanoatmega328\lib905\libModbusSlave.a(ModbusSlave.cpp.o)
                              .pio\build\nanoatmega328\src\rtu\rtu.cpp.o (symbol from plugin) (_ZN6ModbusC1ER6Streamhi)
.pio\build\nanoatmega328\libFrameworkArduino.a(HardwareSerial.cpp.o)
                              .pio\build\nanoatmega328\src\Low-Level\Serial.cpp.o (symbol from plugin) (_ZN14HardwareSerial9availableEv)
.pio\build\nanoatmega328\libFrameworkArduino.a(HardwareSerial0.cpp.o)
                              .pio\build\nanoatmega328\src\Low-Level\Serial.cpp.o (symbol from plugin) (Serial)
.pio\build\nanoatmega328\libFrameworkArduino.a(Print.cpp.o)
                              SoftwareSerial.cpp.o (symbol from plugin) (_ZN5Print5writeEPKhj)
.pio\build\nanoatmega328\libFrameworkArduino.a(Stream.cpp.o)
                              ModbusSlave.cpp.o (symbol from plugin) (_ZN6Stream10setTimeoutEm)
.pio\build\nanoatmega328\libFrameworkArduino.a(WMath.cpp.o)
                              ModbusSlave.cpp.o (symbol from plugin) (_Z8makeWordhh)
.pio\build\nanoatmega328\libFrameworkArduino.a(WString.cpp.o)
                              Stream.cpp.o (symbol from plugin) (_ZN6StringC1EPKc)
.pio\build\nanoatmega328\libFrameworkArduino.a(abi.cpp.o)
                              Print.cpp.o (symbol from plugin) (__cxa_pure_virtual)
.pio\build\nanoatmega328\libFrameworkArduino.a(main.cpp.o)
                              c:/users/frremarn/.platformio/packages/toolchain-atmelavr/bin/../lib/gcc/avr/7.3.0/../../../../avr/lib/avr5/crtatmega328p.o (main)
.pio\build\nanoatmega328\libFrameworkArduino.a(wiring.c.o)
                              .pio\build\nanoatmega328\src\bms\PacketReceiveProcessor.cpp.o (symbol from plugin) (millis)
.pio\build\nanoatmega328\libFrameworkArduino.a(wiring_digital.c.o)
                              .pio\build\nanoatmega328\src\Low-Level\board.cpp.o (symbol from plugin) (pinMode)
.pio\build\nanoatmega328\libFrameworkArduino.a(hooks.c.o)
                              wiring.c.o (symbol from plugin) (yield)
c:/users/frremarn/.platformio/packages/toolchain-atmelavr/bin/../lib/gcc/avr/7.3.0/avr5\libgcc.a(_exit.o)
                              c:/users/frremarn/.platformio/packages/toolchain-atmelavr/bin/../lib/gcc/avr/7.3.0/../../../../avr/lib/avr5/crtatmega328p.o (exit)
c:/users/frremarn/.platformio/packages/toolchain-atmelavr/bin/../lib/gcc/avr/7.3.0/../../../../avr/lib/avr5\libc.a(dtostrf.o)
                              WString.cpp.o (symbol from plugin) (dtostrf)
c:/users/frremarn/.platformio/packages/toolchain-atmelavr/bin/../lib/gcc/avr/7.3.0/../../../../avr/lib/avr5\libc.a(random.o)
                              WMath.cpp.o (symbol from plugin) (random)
c:/users/frremarn/.platformio/packages/toolchain-atmelavr/bin/../lib/gcc/avr/7.3.0/../../../../avr/lib/avr5\libc.a(atof.o)
                              WString.cpp.o (symbol from plugin) (atof)
c:/users/frremarn/.platformio/packages/toolchain-atmelavr/bin/../lib/gcc/avr/7.3.0/../../../../avr/lib/avr5\libc.a(atol.o)
                              WString.cpp.o (symbol from plugin) (atol)
c:/users/frremarn/.platformio/packages/toolchain-atmelavr/bin/../lib/gcc/avr/7.3.0/../../../../avr/lib/avr5\libc.a(strcpy_P.o)
                              WString.cpp.o (symbol from plugin) (strcpy_P)
c:/users/frremarn/.platformio/packages/toolchain-atmelavr/bin/../lib/gcc/avr/7.3.0/../../../../avr/lib/avr5\libc.a(strlen_P.o)
                              WString.cpp.o (symbol from plugin) (__strlen_P)
c:/users/frremarn/.platformio/packages/toolchain-atmelavr/bin/../lib/gcc/avr/7.3.0/../../../../avr/lib/avr5\libc.a(itoa.o)
                              WString.cpp.o (symbol from plugin) (__itoa)
c:/users/frremarn/.platformio/packages/toolchain-atmelavr/bin/../lib/gcc/avr/7.3.0/../../../../avr/lib/avr5\libc.a(itoa_ncheck.o)
                              c:/users/frremarn/.platformio/packages/toolchain-atmelavr/bin/../lib/gcc/avr/7.3.0/../../../../avr/lib/avr5\libc.a(itoa.o) (__itoa_ncheck)
c:/users/frremarn/.platformio/packages/toolchain-atmelavr/bin/../lib/gcc/avr/7.3.0/../../../../avr/lib/avr5\libc.a(ltoa.o)
                              WString.cpp.o (symbol from plugin) (__ltoa)
c:/users/frremarn/.platformio/packages/toolchain-atmelavr/bin/../lib/gcc/avr/7.3.0/../../../../avr/lib/avr5\libc.a(ltoa_ncheck.o)
                              c:/users/frremarn/.platformio/packages/toolchain-atmelavr/bin/../lib/gcc/avr/7.3.0/../../../../avr/lib/avr5\libc.a(ltoa.o) (__ltoa_ncheck)
c:/users/frremarn/.platformio/packages/toolchain-atmelavr/bin/../lib/gcc/avr/7.3.0/../../../../avr/lib/avr5\libc.a(mulsi10.o)
                              c:/users/frremarn/.platformio/packages/toolchain-atmelavr/bin/../lib/gcc/avr/7.3.0/../../../../avr/lib/avr5\libc.a(atol.o) (__mulsi_const_10)
c:/users/frremarn/.platformio/packages/toolchain-atmelavr/bin/../lib/gcc/avr/7.3.0/../../../../avr/lib/avr5\libc.a(ultoa.o)
                              WString.cpp.o (symbol from plugin) (__ultoa)
c:/users/frremarn/.platformio/packages/toolchain-atmelavr/bin/../lib/gcc/avr/7.3.0/../../../../avr/lib/avr5\libc.a(ultoa_ncheck.o)
                              c:/users/frremarn/.platformio/packages/toolchain-atmelavr/bin/../lib/gcc/avr/7.3.0/../../../../avr/lib/avr5\libc.a(ultoa.o) (__ultoa_ncheck)
c:/users/frremarn/.platformio/packages/toolchain-atmelavr/bin/../lib/gcc/avr/7.3.0/../../../../avr/lib/avr5\libc.a(utoa.o)
                              WString.cpp.o (symbol from plugin) (__utoa)
c:/users/frremarn/.platformio/packages/toolchain-atmelavr/bin/../lib/gcc/avr/7.3.0/../../../../avr/lib/avr5\libc.a(utoa_ncheck.o)
                              c:/users/frremarn/.platformio/packages/toolchain-atmelavr/bin/../lib/gcc/avr/7.3.0/../../../../avr/lib/avr5\libc.a(utoa.o) (__utoa_ncheck)
c:/users/frremarn/.platformio/packages/toolchain-atmelavr/bin/../lib/gcc/avr/7.3.0/../../../../avr/lib/avr5\libc.a(dtoa_prf.o)
                              c:/users/frremarn/.platformio/packages/toolchain-atmelavr/bin/../lib/gcc/avr/7.3.0/../../../../avr/lib/avr5\libc.a(dtostrf.o) (dtoa_prf)
c:/users/frremarn/.platformio/packages/toolchain-atmelavr/bin/../lib/gcc/avr/7.3.0/../../../../avr/lib/avr5\libc.a(strtod.o)
                              c:/users/frremarn/.platformio/packages/toolchain-atmelavr/bin/../lib/gcc/avr/7.3.0/../../../../avr/lib/avr5\libc.a(atof.o) (strtod)
c:/users/frremarn/.platformio/packages/toolchain-atmelavr/bin/../lib/gcc/avr/7.3.0/../../../../avr/lib/avr5\libc.a(ftoa_engine.o)
                              c:/users/frremarn/.platformio/packages/toolchain-atmelavr/bin/../lib/gcc/avr/7.3.0/../../../../avr/lib/avr5\libc.a(dtoa_prf.o) (__ftoa_engine)
c:/users/frremarn/.platformio/packages/toolchain-atmelavr/bin/../lib/gcc/avr/7.3.0/../../../../avr/lib/avr5\libc.a(isspace.o)
                              c:/users/frremarn/.platformio/packages/toolchain-atmelavr/bin/../lib/gcc/avr/7.3.0/../../../../avr/lib/avr5\libc.a(strtod.o) (isspace)
c:/users/frremarn/.platformio/packages/toolchain-atmelavr/bin/../lib/gcc/avr/7.3.0/../../../../avr/lib/avr5\libc.a(strncasecmp_P.o)
                              c:/users/frremarn/.platformio/packages/toolchain-atmelavr/bin/../lib/gcc/avr/7.3.0/../../../../avr/lib/avr5\libc.a(strtod.o) (strncasecmp_P)
c:/users/frremarn/.platformio/packages/toolchain-atmelavr/bin/../lib/gcc/avr/7.3.0/../../../../avr/lib/avr5\libc.a(strrev.o)
                              c:/users/frremarn/.platformio/packages/toolchain-atmelavr/bin/../lib/gcc/avr/7.3.0/../../../../avr/lib/avr5\libc.a(ultoa_ncheck.o) (strrev)
c:/users/frremarn/.platformio/packages/toolchain-atmelavr/bin/../lib/gcc/avr/7.3.0/../../../../avr/lib/avr5\libc.a(cmpsf2.o)
                              c:/users/frremarn/.platformio/packages/toolchain-atmelavr/bin/../lib/gcc/avr/7.3.0/../../../../avr/lib/avr5\libc.a(strtod.o) (__eqsf2)
c:/users/frremarn/.platformio/packages/toolchain-atmelavr/bin/../lib/gcc/avr/7.3.0/../../../../avr/lib/avr5\libc.a(floatsisf.o)
                              c:/users/frremarn/.platformio/packages/toolchain-atmelavr/bin/../lib/gcc/avr/7.3.0/../../../../avr/lib/avr5\libc.a(strtod.o) (__floatunsisf)
c:/users/frremarn/.platformio/packages/toolchain-atmelavr/bin/../lib/gcc/avr/7.3.0/../../../../avr/lib/avr5\libc.a(fp_cmp.o)
                              c:/users/frremarn/.platformio/packages/toolchain-atmelavr/bin/../lib/gcc/avr/7.3.0/../../../../avr/lib/avr5\libc.a(cmpsf2.o) (__fp_cmp)
c:/users/frremarn/.platformio/packages/toolchain-atmelavr/bin/../lib/gcc/avr/7.3.0/../../../../avr/lib/avr5\libc.a(mulsf3.o)
                              c:/users/frremarn/.platformio/packages/toolchain-atmelavr/bin/../lib/gcc/avr/7.3.0/../../../../avr/lib/avr5\libc.a(strtod.o) (__mulsf3)
c:/users/frremarn/.platformio/packages/toolchain-atmelavr/bin/../lib/gcc/avr/7.3.0/../../../../avr/lib/avr5\libc.a(mulsf3x.o)
                              c:/users/frremarn/.platformio/packages/toolchain-atmelavr/bin/../lib/gcc/avr/7.3.0/../../../../avr/lib/avr5\libc.a(mulsf3.o) (__mulsf3x)
c:/users/frremarn/.platformio/packages/toolchain-atmelavr/bin/../lib/gcc/avr/7.3.0/../../../../avr/lib/avr5\libc.a(errno.o)
                              c:/users/frremarn/.platformio/packages/toolchain-atmelavr/bin/../lib/gcc/avr/7.3.0/../../../../avr/lib/avr5\libc.a(strtod.o) (errno)
c:/users/frremarn/.platformio/packages/toolchain-atmelavr/bin/../lib/gcc/avr/7.3.0/../../../../avr/lib/avr5\libc.a(cty_isfalse.o)
                              c:/users/frremarn/.platformio/packages/toolchain-atmelavr/bin/../lib/gcc/avr/7.3.0/../../../../avr/lib/avr5\libc.a(isspace.o) (__ctype_isfalse)
c:/users/frremarn/.platformio/packages/toolchain-atmelavr/bin/../lib/gcc/avr/7.3.0/../../../../avr/lib/avr5\libc.a(fp_inf.o)
                              c:/users/frremarn/.platformio/packages/toolchain-atmelavr/bin/../lib/gcc/avr/7.3.0/../../../../avr/lib/avr5\libc.a(mulsf3x.o) (__fp_inf)
c:/users/frremarn/.platformio/packages/toolchain-atmelavr/bin/../lib/gcc/avr/7.3.0/../../../../avr/lib/avr5\libc.a(fp_nan.o)
                              c:/users/frremarn/.platformio/packages/toolchain-atmelavr/bin/../lib/gcc/avr/7.3.0/../../../../avr/lib/avr5\libc.a(mulsf3x.o) (__fp_nan)
c:/users/frremarn/.platformio/packages/toolchain-atmelavr/bin/../lib/gcc/avr/7.3.0/../../../../avr/lib/avr5\libc.a(fp_pscA.o)
                              c:/users/frremarn/.platformio/packages/toolchain-atmelavr/bin/../lib/gcc/avr/7.3.0/../../../../avr/lib/avr5\libc.a(mulsf3x.o) (__fp_pscA)
c:/users/frremarn/.platformio/packages/toolchain-atmelavr/bin/../lib/gcc/avr/7.3.0/../../../../avr/lib/avr5\libc.a(fp_pscB.o)
                              c:/users/frremarn/.platformio/packages/toolchain-atmelavr/bin/../lib/gcc/avr/7.3.0/../../../../avr/lib/avr5\libc.a(mulsf3x.o) (__fp_pscB)
c:/users/frremarn/.platformio/packages/toolchain-atmelavr/bin/../lib/gcc/avr/7.3.0/../../../../avr/lib/avr5\libc.a(fp_round.o)
                              c:/users/frremarn/.platformio/packages/toolchain-atmelavr/bin/../lib/gcc/avr/7.3.0/../../../../avr/lib/avr5\libc.a(mulsf3.o) (__fp_round)
c:/users/frremarn/.platformio/packages/toolchain-atmelavr/bin/../lib/gcc/avr/7.3.0/../../../../avr/lib/avr5\libc.a(fp_split3.o)
                              c:/users/frremarn/.platformio/packages/toolchain-atmelavr/bin/../lib/gcc/avr/7.3.0/../../../../avr/lib/avr5\libc.a(mulsf3x.o) (__fp_split3)
c:/users/frremarn/.platformio/packages/toolchain-atmelavr/